
> student-hub@0.1.0 build
> next build

   Γû▓ Next.js 15.5.9
   - Environments: .env.local, .env
   - Experiments (use with caution):
     Γ£ô reactCompiler

   Creating an optimized production build ...
 Γ£ô Compiled successfully in 18.1s
   Linting and checking validity of types ...
node.exe : 
At line:1 char:1
+ & "C:\Program Files\nodejs/node.exe" "C:\Program Files\nodejs/node_mo 
...
+ ~~~~~~~~~~~~~~~~~~~~~~~~~~~~~~~~~~~~~~~~~~~~~~~~~~~~~~~~~~~~~~~~~~~~~
    + CategoryInfo          : NotSpecified: (:String) [], RemoteExcepti 
   on
    + FullyQualifiedErrorId : NativeCommandError
 
Failed to compile.

./src/app/api/admin/controls/route.ts
25:14  Warning: 'error' is defined but never used.  
@typescript-eslint/no-unused-vars
53:14  Warning: 'error' is defined but never used.  
@typescript-eslint/no-unused-vars

./src/app/api/admin/stats/route.ts
6:27  Warning: 'request' is defined but never used.  
@typescript-eslint/no-unused-vars

./src/app/api/admin/vetting/route.ts
20:14  Warning: 'error' is defined but never used.  
@typescript-eslint/no-unused-vars
42:48  Error: Unexpected any. Specify a different type.  
@typescript-eslint/no-explicit-any
49:14  Warning: 'error' is defined but never used.  
@typescript-eslint/no-unused-vars

./src/app/api/auth/onboard/route.ts
19:31  Error: Unexpected any. Specify a different type.  
@typescript-eslint/no-explicit-any

./src/app/api/auth/sync/route.ts
4:28  Warning: 'request' is defined but never used.  
@typescript-eslint/no-unused-vars

./src/app/api/orders/create/route.ts
48:53  Error: Unexpected any. Specify a different type.  
@typescript-eslint/no-explicit-any

./src/app/api/orders/route.ts
6:27  Warning: 'request' is defined but never used.  
@typescript-eslint/no-unused-vars

./src/app/api/orders/[id]/cancel/route.ts
45:13  Error: 'statusUpdate' is never reassigned. Use 'const' instead.  
prefer-const
45:27  Error: Unexpected any. Specify a different type.  
@typescript-eslint/no-explicit-any

./src/app/api/runner/deliveries/route.ts
8:27  Warning: 'request' is defined but never used.  
@typescript-eslint/no-unused-vars

./src/app/api/runner/stats/route.ts
10:27  Warning: 'request' is defined but never used.  
@typescript-eslint/no-unused-vars
53:34  Error: Unexpected any. Specify a different type.  
@typescript-eslint/no-explicit-any
57:15  Warning: 'totalXPEarned' is assigned a value but never used.  
@typescript-eslint/no-unused-vars
58:34  Error: Unexpected any. Specify a different type.  
@typescript-eslint/no-explicit-any
114:50  Error: Unexpected any. Specify a different type.  
@typescript-eslint/no-explicit-any

./src/app/api/runner/toggle/route.ts
7:28  Warning: 'request' is defined but never used.  
@typescript-eslint/no-unused-vars
52:27  Warning: 'request' is defined but never used.  
@typescript-eslint/no-unused-vars

./src/app/api/search/flash-match/route.ts
19:22  Error: Unexpected any. Specify a different type.  
@typescript-eslint/no-explicit-any
58:44  Error: Unexpected any. Specify a different type.  
@typescript-eslint/no-explicit-any

./src/app/api/stories/route.ts
7:27  Warning: 'request' is defined but never used.  
@typescript-eslint/no-unused-vars

./src/app/api/system/config/route.ts
11:35  Error: Unexpected any. Specify a different type.  
@typescript-eslint/no-explicit-any
11:72  Error: Unexpected any. Specify a different type.  
@typescript-eslint/no-explicit-any
22:14  Warning: 'error' is defined but never used.  
@typescript-eslint/no-unused-vars

./src/app/api/upload/route.ts
32:42  Error: Unexpected any. Specify a different type.  
@typescript-eslint/no-explicit-any

./src/app/api/users/me/route.ts
6:27  Warning: 'request' is defined but never used.  
@typescript-eslint/no-unused-vars
26:14  Warning: 'error' is defined but never used.  
@typescript-eslint/no-unused-vars

./src/app/api/vendor/stats/route.ts
6:27  Warning: 'request' is defined but never used.  
@typescript-eslint/no-unused-vars
50:60  Error: Unexpected any. Specify a different type.  
@typescript-eslint/no-explicit-any
51:62  Error: Unexpected any. Specify a different type.  
@typescript-eslint/no-explicit-any
53:25  Error: Unexpected any. Specify a different type.  
@typescript-eslint/no-explicit-any
54:38  Error: Unexpected any. Specify a different type.  
@typescript-eslint/no-explicit-any
56:25  Error: Unexpected any. Specify a different type.  
@typescript-eslint/no-explicit-any
57:38  Error: Unexpected any. Specify a different type.  
@typescript-eslint/no-explicit-any

./src/app/checkout/[id]/page.tsx
32:20  Error: Unexpected any. Specify a different type.  
@typescript-eslint/no-explicit-any
32:51  Error: Unexpected any. Specify a different type.  
@typescript-eslint/no-explicit-any
63:37  Warning: Using `<img>` could result in slower LCP and higher 
bandwidth. Consider using `<Image />` from `next/image` or a custom 
image loader to automatically optimize images. This may incur 
additional usage or cost from your provider. See: 
https://nextjs.org/docs/messages/no-img-element  
@next/next/no-img-element

./src/app/dashboard/admin/controls/page.tsx
29:18  Warning: 'error' is defined but never used.  
@typescript-eslint/no-unused-vars
52:18  Warning: 'error' is defined but never used.  
@typescript-eslint/no-unused-vars

./src/app/dashboard/admin/page.tsx
5:10  Warning: 'motion' is defined but never used.  
@typescript-eslint/no-unused-vars
9:40  Error: Unexpected any. Specify a different type.  
@typescript-eslint/no-explicit-any
10:54  Error: Unexpected any. Specify a different type.  
@typescript-eslint/no-explicit-any
11:50  Error: Unexpected any. Specify a different type.  
@typescript-eslint/no-explicit-any
89:59  Error: Unexpected any. Specify a different type.  
@typescript-eslint/no-explicit-any
137:58  Error: Unexpected any. Specify a different type.  
@typescript-eslint/no-explicit-any

./src/app/dashboard/admin/vetting/page.tsx
9:44  Error: Unexpected any. Specify a different type.  
@typescript-eslint/no-explicit-any
24:18  Warning: 'error' is defined but never used.  
@typescript-eslint/no-unused-vars
43:18  Warning: 'error' is defined but never used.  
@typescript-eslint/no-unused-vars

./src/app/dashboard/vendor/orders/[id]/page.tsx
31:11  Warning: 'router' is assigned a value but never used.  
@typescript-eslint/no-unused-vars
32:13  Warning: 'user' is assigned a value but never used.  
@typescript-eslint/no-unused-vars
39:8  Warning: React Hook useEffect has a missing dependency: 
'fetchOrder'. Either include it or remove the dependency array.  
react-hooks/exhaustive-deps
152:41  Warning: Using `<img>` could result in slower LCP and higher 
bandwidth. Consider using `<Image />` from `next/image` or a custom 
image loader to automatically optimize images. This may incur 
additional usage or cost from your provider. See: 
https://nextjs.org/docs/messages/no-img-element  
@next/next/no-img-element

./src/app/dashboard/vendor/page.tsx
26:50  Error: Unexpected any. Specify a different type.  
@typescript-eslint/no-explicit-any
149:167  Error: `'` can be escaped with `&apos;`, `&lsquo;`, `&#39;`, 
`&rsquo;`.  react/no-unescaped-entities

./src/app/dashboard/vendor/products/page.tsx
94:41  Warning: Using `<img>` could result in slower LCP and higher 
bandwidth. Consider using `<Image />` from `next/image` or a custom 
image loader to automatically optimize images. This may incur 
additional usage or cost from your provider. See: 
https://nextjs.org/docs/messages/no-img-element  
@next/next/no-img-element

./src/app/dashboard/vendor/scan/page.tsx
33:18  Warning: 'error' is defined but never used.  
@typescript-eslint/no-unused-vars

./src/app/gatekeeper/page.tsx
37:18  Warning: 'error' is defined but never used.  
@typescript-eslint/no-unused-vars

./src/app/marketplace/page.tsx
3:31  Warning: 'Suspense' is defined but never used.  
@typescript-eslint/no-unused-vars
29:12  Warning: 'hasMore' is assigned a value but never used.  
@typescript-eslint/no-unused-vars
44:18  Warning: 'error' is defined but never used.  
@typescript-eslint/no-unused-vars
62:8  Warning: React Hook useEffect has a missing dependency: 
'fetchProducts'. Either include it or remove the dependency array.  
react-hooks/exhaustive-deps
199:57  Warning: Using `<img>` could result in slower LCP and higher 
bandwidth. Consider using `<Image />` from `next/image` or a custom 
image loader to automatically optimize images. This may incur 
additional usage or cost from your provider. See: 
https://nextjs.org/docs/messages/no-img-element  
@next/next/no-img-element

./src/app/onboarding/page.tsx
10:12  Warning: 'role' is assigned a value but never used.  
@typescript-eslint/no-unused-vars
11:12  Warning: 'isRunner' is assigned a value but never used.  
@typescript-eslint/no-unused-vars
11:22  Warning: 'setIsRunner' is assigned a value but never used.  
@typescript-eslint/no-unused-vars
13:11  Warning: 'router' is assigned a value but never used.  
@typescript-eslint/no-unused-vars
17:8  Warning: React Hook useEffect has a missing dependency: 
'checkExistingStatus'. Either include it or remove the dependency 
array.  react-hooks/exhaustive-deps
28:18  Warning: 'error' is defined but never used.  
@typescript-eslint/no-unused-vars

./src/app/orders/page.tsx
27:13  Warning: 'user' is assigned a value but never used.  
@typescript-eslint/no-unused-vars
76:18  Warning: 'error' is defined but never used.  
@typescript-eslint/no-unused-vars
262:59  Error: Unexpected any. Specify a different type.  
@typescript-eslint/no-explicit-any
302:56  Error: Unexpected any. Specify a different type.  
@typescript-eslint/no-explicit-any
351:94  Error: Unexpected any. Specify a different type.  
@typescript-eslint/no-explicit-any
360:51  Warning: Using `<img>` could result in slower LCP and higher 
bandwidth. Consider using `<Image />` from `next/image` or a custom 
image loader to automatically optimize images. This may incur 
additional usage or cost from your provider. See: 
https://nextjs.org/docs/messages/no-img-element  
@next/next/no-img-element
360:51  Warning: img elements must have an alt prop, either with 
meaningful text, or an empty string for decorative images.  
jsx-a11y/alt-text
386:47  Warning: Using `<img>` could result in slower LCP and higher 
bandwidth. Consider using `<Image />` from `next/image` or a custom 
image loader to automatically optimize images. This may incur 
additional usage or cost from your provider. See: 
https://nextjs.org/docs/messages/no-img-element  
@next/next/no-img-element
386:47  Warning: img elements must have an alt prop, either with 
meaningful text, or an empty string for decorative images.  
jsx-a11y/alt-text
422:51  Warning: Using `<img>` could result in slower LCP and higher 
bandwidth. Consider using `<Image />` from `next/image` or a custom 
image loader to automatically optimize images. This may incur 
additional usage or cost from your provider. See: 
https://nextjs.org/docs/messages/no-img-element  
@next/next/no-img-element
422:51  Warning: img elements must have an alt prop, either with 
meaningful text, or an empty string for decorative images.  
jsx-a11y/alt-text
423:199  Error: Unexpected any. Specify a different type.  
@typescript-eslint/no-explicit-any

./src/app/page.tsx
18:15  Warning: Using `<img>` could result in slower LCP and higher 
bandwidth. Consider using `<Image />` from `next/image` or a custom 
image loader to automatically optimize images. This may incur 
additional usage or cost from your provider. See: 
https://nextjs.org/docs/messages/no-img-element  
@next/next/no-img-element

./src/app/runner/page.tsx
34:11  Warning: 'router' is assigned a value but never used.  
@typescript-eslint/no-unused-vars
51:60  Error: Unexpected any. Specify a different type.  
@typescript-eslint/no-explicit-any
124:18  Warning: 'error' is defined but never used.  
@typescript-eslint/no-unused-vars
149:18  Warning: 'error' is defined but never used.  
@typescript-eslint/no-unused-vars
174:18  Warning: 'error' is defined but never used.  
@typescript-eslint/no-unused-vars
331:159  Error: `'` can be escaped with `&apos;`, `&lsquo;`, `&#39;`, 
`&rsquo;`.  react/no-unescaped-entities

./src/app/stories/page.tsx
108:51  Error: `'` can be escaped with `&apos;`, `&lsquo;`, `&#39;`, 
`&rsquo;`.  react/no-unescaped-entities

./src/components/checkout/CheckoutForm.tsx
16:5  Warning: 'productTitle' is defined but never used.  
@typescript-eslint/no-unused-vars
28:41  Error: Unexpected any. Specify a different type.  
@typescript-eslint/no-explicit-any
69:48  Error: Unexpected any. Specify a different type.  
@typescript-eslint/no-explicit-any
91:51  Error: Unexpected any. Specify a different type.  
@typescript-eslint/no-explicit-any

./src/components/marketplace/StoriesFeed.tsx
5:18  Warning: 'AnimatePresence' is defined but never used.  
@typescript-eslint/no-unused-vars
56:29  Warning: Using `<img>` could result in slower LCP and higher 
bandwidth. Consider using `<Image />` from `next/image` or a custom 
image loader to automatically optimize images. This may incur 
additional usage or cost from your provider. See: 
https://nextjs.org/docs/messages/no-img-element  
@next/next/no-img-element

./src/components/navigation/Navbar.tsx
23:13  Error: Error: Calling setState synchronously within an effect 
can trigger cascading renders

Effects are intended to synchronize state between React and external 
systems such as manually updating the DOM, state management libraries, 
or other platform APIs. In general, the body of an effect should do one 
or both of the following:
* Update external systems with the latest state from React.
* Subscribe for updates from some external system, calling setState in 
a callback function when external state changes.

Calling setState synchronously within an effect body causes cascading 
renders that can hurt performance, and is not recommended. 
(https://react.dev/learn/you-might-not-need-an-effect).

C:\Users\kinge\Student 
Marketplace\student-hub\src\components\navigation\Navbar.tsx:23:13
  21 |                 .catch(() => setDbUser(null));
  22 |         } else if (clerkLoaded && !user) {
> 23 |             setDbUser(null);
     |             ^^^^^^^^^ Avoid calling setState() directly within 
an effect
  24 |         }
  25 |     }, [clerkLoaded, user, pathname]);
  26 |  react-hooks/set-state-in-effect
35:25  Warning: Using `<img>` could result in slower LCP and higher 
bandwidth. Consider using `<Image />` from `next/image` or a custom 
image loader to automatically optimize images. This may incur 
additional usage or cost from your provider. See: 
https://nextjs.org/docs/messages/no-img-element  
@next/next/no-img-element

./src/components/products/ImageUpload.tsx
60:21  Warning: Using `<img>` could result in slower LCP and higher 
bandwidth. Consider using `<Image />` from `next/image` or a custom 
image loader to automatically optimize images. This may incur 
additional usage or cost from your provider. See: 
https://nextjs.org/docs/messages/no-img-element  
@next/next/no-img-element

./src/components/providers/ThemeProvider.tsx
21:13  Error: Error: Calling setState synchronously within an effect 
can trigger cascading renders

Effects are intended to synchronize state between React and external 
systems such as manually updating the DOM, state management libraries, 
or other platform APIs. In general, the body of an effect should do one 
or both of the following:
* Update external systems with the latest state from React.
* Subscribe for updates from some external system, calling setState in 
a callback function when external state changes.

Calling setState synchronously within an effect body causes cascading 
renders that can hurt performance, and is not recommended. 
(https://react.dev/learn/you-might-not-need-an-effect).

C:\Users\kinge\Student 
Marketplace\student-hub\src\components\providers\ThemeProvider.tsx:21:13
  19 |         const savedTheme = localStorage.getItem('omni-theme') as 
Theme;
  20 |         if (savedTheme) {
> 21 |             setTheme(savedTheme);
     |             ^^^^^^^^ Avoid calling setState() directly within an 
effect
  22 |             document.documentElement.setAttribute('data-theme', 
savedTheme);
  23 |         } else {
  24 |             document.documentElement.setAttribute('data-theme', 
'omni');  react-hooks/set-state-in-effect

./src/components/stories/VideoPlayer.tsx
56:8  Warning: React Hook useEffect has a missing dependency: 
'storyId'. Either include it or remove the dependency array.  
react-hooks/exhaustive-deps

./src/components/vendor/VendorOnboarding.tsx
35:18  Warning: 'error' is defined but never used.  
@typescript-eslint/no-unused-vars

./src/lib/admin/audit.ts
9:64  Error: Unexpected any. Specify a different type.  
@typescript-eslint/no-explicit-any

./src/lib/admin/config.ts
13:14  Warning: 'error' is defined but never used.  
@typescript-eslint/no-unused-vars

./src/lib/payments/paystack.ts
27:31  Error: Unexpected any. Specify a different type.  
@typescript-eslint/no-explicit-any
46:34  Error: Unexpected any. Specify a different type.  
@typescript-eslint/no-explicit-any
63:34  Error: Unexpected any. Specify a different type.  
@typescript-eslint/no-explicit-any
186:20  Error: A `require()` style import is forbidden.  
@typescript-eslint/no-require-imports
200:12  Error: Unexpected any. Specify a different type.  
@typescript-eslint/no-explicit-any

info  - Need to disable some ESLint rules? Learn more here: 
https://nextjs.org/docs/app/api-reference/config/eslint#disabling-rules
